---
source: src/internal.rs
expression: "base64::encode(&snm_bincode)"
---
ASgAAAAAAAAABwcHBwcHBwcHBwcHBwcHBwcHBwcHBwcHBwcHBwcHBwcHBwcHBwcHB9AAAAAAAAAACgAAAEAAAADCCH4ZhARNUDSJslRWE87ZG0NsgQfcH5flWkFNPmO5c3EOb/w/cTtzR4p6RPQgbR8lGjRfz6YGU3V/Bl0M43oLIAAAAFzChnIswE1u1zdSxAPmIekxbzqz6GqtjVK0g1NNFxxNIAAAAKmWDy+rBJcFElEnm8DNkIfi9k7S53iQxtuli/hUfZcsI832Xuq3l/KnUmJKjEa2T5VmLU5cRqfNgTpS77eOIA51qMtD+6dTBJM1VNq50xj+737l7/8B33mlFnLldj6QDCAAAAAAAAAADAwMDAwMDAwMDAwMDAwMDAwMDAwMDAwMDAwMDAwMDAwDAAAAAAAAABAAAAAAAAAAAgICAgICAgICAgICAgICAhkAAAAAAAAAAgICAgICAgICAgICAgICAgICAgICAgICAiEAAAAAAAAAAgICAgICAgICAgICAgICAgICAgICAgICAgICAgICAgIC
