---
source: src/internal.rs
expression: BASE64.encode(&snm_cbor)
---
o2VlcG9jaAFxdW5lbmNyeXB0ZWRfbGF5ZXKjamNpcGhlcnRleHSYKAcHBwcHBwcHBwcHBwcHBwcHBwcHBwcHBwcHBwcHBwcHBwcHBwcHBwdlc2hhcmWYwAIAAAAYMAAAABgjGG8UGHIYzhjxGEoYyhh5GPMYPxj5GHYYNQ8MAAAAAAAAAAAYGQQYRRhLGJEYlRjDGCQYexjkGIsYqRh7GOcFGMUAAAAAAAAAABggAAAAGOIYvBinGHcYmxj1GGoYdxi0FhhEGHwYaRhbGN8MGFwPGPkYjximGB4YGhhZFRhrGKMYfRhhGCsYvhjwGCAAAAAYdRirGCcYdRiSGHoY8hhBGOIYpgIYGhi5GNwYehjHGNIYdBh3GDsY/RhFGCQY7hg+GJoY6gEYkxijGJMY/RiVGE4YpRhcGPsYNBgwGFwYIxhSChjfGGgYUwYYYAMY0xg7EBi6GF4YyRjmGCgYaRiRGOQY6RhtBhhtFhiWGO4YmxhjGO8YfxjZGK4Y2Bg2GOkYpxgmGMIYLRh+EBg2GPcYORizGEoYNhiIGNwYHhjjGJAYjAUYmGN0YWeYIAwMDAwMDAwMDAwMDAwMDAwMDAwMDAwMDAwMDAwMDAwMcGVuY3J5cHRlZF9sYXllcnODkAICAgICAgICAgICAgICAgKYGQICAgICAgICAgICAgICAgICAgICAgICAgKYIQICAgICAgICAgICAgICAgICAgICAgICAgICAgICAgICAg==
